warning[E0596]: cannot borrow `key` as mutable, as it is not declared as mutable
  --> $DIR/issue-34337.rs:7:9
   |
LL |     get(&mut key);
   |         ^^^^^^^^ cannot borrow as mutable
   |
   = note: `#[warn(mut_non_mut)]` on by default
help: try removing `&mut` here
   |
LL -     get(&mut key);
LL +     get(key);
   |

warning: 1 warning emitted

For more information about this error, try `rustc --explain E0596`.
