warning[E0596]: cannot borrow `self` as mutable, as it is not declared as mutable
  --> $DIR/issue-31424.rs:8:9
   |
LL |         (&mut self).bar();
   |         ^^^^^^^^^^^ cannot borrow as mutable
   |
note: the binding is already a mutable borrow
  --> $DIR/issue-31424.rs:7:12
   |
LL |     fn foo(&mut self) {
   |            ^^^^^^^^^
help: try removing `&mut` here
  --> $DIR/issue-31424.rs:8:9
   |
LL |         (&mut self).bar();
   |         ^^^^^^^^^^^
   = note: `#[warn(mut_non_mut)]` on by default

warning: function cannot return without recursing
  --> $DIR/issue-31424.rs:14:5
   |
LL |     fn bar(self: &mut Self) {
   |     ^^^^^^^^^^^^^^^^^^^^^^^ cannot return without recursing
...
LL |         (&mut self).bar();
   |         ----------------- recursive call site
   |
   = help: a `loop` may express intention better if this is on purpose
   = note: `#[warn(unconditional_recursion)]` on by default

warning[E0596]: cannot borrow `self` as mutable, as it is not declared as mutable
  --> $DIR/issue-31424.rs:18:9
   |
LL |         (&mut self).bar();
   |         ^^^^^^^^^^^ cannot borrow as mutable
   |
note: the binding is already a mutable borrow
  --> $DIR/issue-31424.rs:14:18
   |
LL |     fn bar(self: &mut Self) {
   |                  ^^^^^^^^^
help: try removing `&mut` here
  --> $DIR/issue-31424.rs:18:9
   |
LL |         (&mut self).bar();
   |         ^^^^^^^^^^^

warning: 3 warnings emitted

For more information about this error, try `rustc --explain E0596`.
