warning[E0596]: cannot borrow `b` as mutable, as it is not declared as mutable
  --> $DIR/patkind-ref-binding-issue-114896.rs:8:9
   |
LL |         b.make_ascii_uppercase();
   |         ^ cannot borrow as mutable
   |
   = note: `#[warn(mut_non_mut)]` on by default
help: consider changing this to be mutable
   |
LL |         let &(mut b) = a;
   |             ~~~~~  +

warning: 1 warning emitted

For more information about this error, try `rustc --explain E0596`.
