warning[E0594]: cannot assign to `z.0.0.0`, as it is not declared as mutable
  --> $DIR/cant-mutate-imm.rs:13:9
   |
LL |         z.0.0.0 = 20;
   |         ^^^^^^^^^^^^ cannot assign
   |
   = note: `#[warn(mut_non_mut)]` on by default
help: consider changing this to be mutable
   |
LL |     let mut z = (y, 10);
   |         +++

warning[E0594]: cannot assign to `*bx.0`, as it is not declared as mutable
  --> $DIR/cant-mutate-imm.rs:25:9
   |
LL |         bx.0 = 20;
   |         ^^^^^^^^^ cannot assign
   |
help: consider changing this to be mutable
   |
LL |     let mut bx = Box::new(x);
   |         +++

warning: 2 warnings emitted

For more information about this error, try `rustc --explain E0594`.
