warning[E0384]: cannot assign twice to immutable variable `v`
  --> $DIR/liveness-assign-imm-local-in-loop.rs:7:9
   |
LL |         v = 1;
   |         ^^^^^ cannot assign twice to immutable variable
   |
   = note: `#[warn(mut_non_mut)]` on by default
help: consider making this binding mutable
   |
LL |     let mut v: isize;
   |         +++

warning: 1 warning emitted

For more information about this error, try `rustc --explain E0384`.
