warning[E0596]: cannot borrow `data` as mutable, as it is not declared as mutable
  --> $DIR/issue-61187.rs:7:5
   |
LL |     data.reverse();
   |     ^^^^ cannot borrow as mutable
   |
   = note: `#[warn(mut_non_mut)]` on by default
help: consider changing this to be mutable
   |
LL | async fn response(mut data: Vec<u8>) {
   |                   +++

warning: 1 warning emitted

For more information about this error, try `rustc --explain E0596`.
