warning[E0384]: cannot assign twice to immutable variable `x`
  --> $DIR/command-line-diagnostics.rs:7:5
   |
LL |     let x = 42;
   |         - first assignment to `x`
LL |     x = 43;
   |     ^^^^^^ cannot assign twice to immutable variable
   |
   = note: `#[warn(mut_non_mut)]` on by default
help: consider making this binding mutable
   |
LL |     let mut x = 42;
   |         +++

warning: 1 warning emitted

For more information about this error, try `rustc --explain E0384`.
