warning[E0594]: cannot assign to `y`, as it is not declared as mutable
  --> $DIR/closure-immutable-outer-variable.rs:12:26
   |
LL |     foo(Box::new(move || y = !y) as Box<_>);
   |                          ^^^^^^ cannot assign
   |
   = note: `#[warn(mut_non_mut)]` on by default
help: consider changing this to be mutable
   |
LL |     let mut y = true;
   |         +++

warning: 1 warning emitted

For more information about this error, try `rustc --explain E0594`.
