warning[E0596]: cannot borrow `c` as mutable, as it is not declared as mutable
  --> $DIR/issue-82438-mut-without-upvar.rs:28:27
   |
LL |     a.f(participant_name, &mut c);
   |                           ^^^^^^ cannot borrow as mutable
   |
   = note: `#[warn(mut_non_mut)]` on by default
help: consider changing this to be mutable
   |
LL |     let mut c = |a, b, c, d| {};
   |         +++

warning: 1 warning emitted

For more information about this error, try `rustc --explain E0596`.
