warning[E0596]: cannot borrow `bar` as mutable, as it is not declared as mutable
  --> $DIR/issue-81700-mut-borrow.rs:4:5
   |
LL |     let bar = || { foo(x); };
   |                        - calling `bar` requires mutable binding due to mutable borrow of `x`
LL |     bar();
   |     ^^^ cannot borrow as mutable
   |
   = note: `#[warn(mut_non_mut)]` on by default
help: consider changing this to be mutable
   |
LL |     let mut bar = || { foo(x); };
   |         +++

warning: 1 warning emitted

For more information about this error, try `rustc --explain E0596`.
