warning[E0596]: cannot borrow `callback` as mutable, as it is not declared as mutable
  --> $DIR/issue-80313-mutation-in-move-closure.rs:7:5
   |
LL |         my_var = true;
   |         ------ calling `callback` requires mutable binding due to possible mutation of `my_var`
LL |     };
LL |     callback();
   |     ^^^^^^^^ cannot borrow as mutable
   |
   = note: `#[warn(mut_non_mut)]` on by default
help: consider changing this to be mutable
   |
LL |     let mut callback = move || {
   |         +++

warning: 1 warning emitted

For more information about this error, try `rustc --explain E0596`.
