warning[E0384]: cannot assign twice to immutable variable `x`
  --> $DIR/borrowck-match-binding-is-assignment.rs:15:13
   |
LL |         x => {
   |         - first assignment to `x`
LL |             x += 1;
   |             ^^^^^^ cannot assign twice to immutable variable
   |
   = note: `#[warn(mut_non_mut)]` on by default
help: consider making this binding mutable
   |
LL |         mut x => {
   |         +++
help: to modify the original value, take a borrow instead
   |
LL |         ref mut x => {
   |         +++++++

warning[E0384]: cannot assign twice to immutable variable `x`
  --> $DIR/borrowck-match-binding-is-assignment.rs:21:13
   |
LL |         E::Foo(x) => {
   |                - first assignment to `x`
LL |             x += 1;
   |             ^^^^^^ cannot assign twice to immutable variable
   |
help: consider making this binding mutable
   |
LL |         E::Foo(mut x) => {
   |                +++
help: to modify the original value, take a borrow instead
   |
LL |         E::Foo(ref mut x) => {
   |                +++++++

warning[E0384]: cannot assign twice to immutable variable `x`
  --> $DIR/borrowck-match-binding-is-assignment.rs:27:13
   |
LL |         S { bar: x } => {
   |                  - first assignment to `x`
LL |             x += 1;
   |             ^^^^^^ cannot assign twice to immutable variable
   |
help: consider making this binding mutable
   |
LL |         S { bar: mut x } => {
   |                  +++
help: to modify the original value, take a borrow instead
   |
LL |         S { bar: ref mut x } => {
   |                  +++++++

warning[E0384]: cannot assign twice to immutable variable `x`
  --> $DIR/borrowck-match-binding-is-assignment.rs:33:13
   |
LL |         (x,) => {
   |          - first assignment to `x`
LL |             x += 1;
   |             ^^^^^^ cannot assign twice to immutable variable
   |
help: consider making this binding mutable
   |
LL |         (mut x,) => {
   |          +++
help: to modify the original value, take a borrow instead
   |
LL |         (ref mut x,) => {
   |          +++++++

warning[E0384]: cannot assign twice to immutable variable `x`
  --> $DIR/borrowck-match-binding-is-assignment.rs:39:13
   |
LL |         [x,_,_] => {
   |          - first assignment to `x`
LL |             x += 1;
   |             ^^^^^^ cannot assign twice to immutable variable
   |
help: consider making this binding mutable
   |
LL |         [mut x,_,_] => {
   |          +++
help: to modify the original value, take a borrow instead
   |
LL |         [ref mut x,_,_] => {
   |          +++++++

warning: 5 warnings emitted

For more information about this error, try `rustc --explain E0384`.
