warning[E0596]: cannot borrow `v` as mutable, as it is not declared as mutable
  --> $DIR/borrowck-mut-slice-of-imm-vec.rs:8:11
   |
LL |     write(&mut v);
   |           ^^^^^^ cannot borrow as mutable
   |
   = note: `#[warn(mut_non_mut)]` on by default
help: consider changing this to be mutable
   |
LL |     let mut v = vec![1, 2, 3];
   |         +++

warning: 1 warning emitted

For more information about this error, try `rustc --explain E0596`.
