warning[E0596]: cannot borrow `x.0` as mutable, as `x` is not declared as mutable
  --> $DIR/borrowck-ref-mut-of-imm.rs:5:12
   |
LL |       Some(ref mut v) => *v
   |            ^^^^^^^^^ cannot borrow as mutable
   |
   = note: `#[warn(mut_non_mut)]` on by default
help: consider changing this to be mutable
   |
LL | fn destructure(mut x: Option<isize>) -> isize {
   |                +++

warning: 1 warning emitted

For more information about this error, try `rustc --explain E0596`.
