warning[E0596]: cannot borrow `*a` as mutable, as `a` is not declared as mutable
  --> $DIR/borrowck-borrow-immut-deref-of-box-as-mut.rs:13:5
   |
LL |     a.foo();
   |     ^ cannot borrow as mutable
   |
   = note: `#[warn(mut_non_mut)]` on by default
help: consider changing this to be mutable
   |
LL |     let mut a: Box<_> = Box::new(A);
   |         +++

warning: 1 warning emitted

For more information about this error, try `rustc --explain E0596`.
