warning[E0596]: cannot borrow `x` as mutable, as it is not declared as mutable
  --> $DIR/borrowck-mut-addr-of-imm-var.rs:4:25
   |
LL |     let y: &mut isize = &mut x;
   |                         ^^^^^^ cannot borrow as mutable
   |
   = note: `#[warn(mut_non_mut)]` on by default
help: consider changing this to be mutable
   |
LL |     let mut x: isize = 3;
   |         +++

warning: 1 warning emitted

For more information about this error, try `rustc --explain E0596`.
