warning[E0596]: cannot borrow `x` as mutable, as it is not declared as mutable
  --> $DIR/borrowck-auto-mut-ref-to-immut-var.rs:16:5
   |
LL |     x.printme();
   |     ^ cannot borrow as mutable
   |
   = note: `#[warn(mut_non_mut)]` on by default
help: consider changing this to be mutable
   |
LL |     let mut x = Foo { x: 3 };
   |         +++

warning: 1 warning emitted

For more information about this error, try `rustc --explain E0596`.
