warning[E0596]: cannot borrow `arg` as mutable, as it is not declared as mutable
  --> $DIR/borrowck-argument.rs:11:5
   |
LL |     arg.mutate();
   |     ^^^ cannot borrow as mutable
   |
   = note: `#[warn(mut_non_mut)]` on by default
help: consider changing this to be mutable
   |
LL | fn func(mut arg: S) {
   |         +++

warning[E0596]: cannot borrow `arg` as mutable, as it is not declared as mutable
  --> $DIR/borrowck-argument.rs:16:9
   |
LL |         arg.mutate();
   |         ^^^ cannot borrow as mutable
   |
help: consider changing this to be mutable
   |
LL |     fn method(&self, mut arg: S) {
   |                      +++

warning[E0596]: cannot borrow `arg` as mutable, as it is not declared as mutable
  --> $DIR/borrowck-argument.rs:22:9
   |
LL |         arg.mutate();
   |         ^^^ cannot borrow as mutable
   |
help: consider changing this to be mutable
   |
LL |     fn default(&self, mut arg: S) {
   |                       +++

warning[E0596]: cannot borrow `arg` as mutable, as it is not declared as mutable
  --> $DIR/borrowck-argument.rs:33:17
   |
LL |     (|arg: S| { arg.mutate() })(s);
   |                 ^^^ cannot borrow as mutable
   |
help: consider changing this to be mutable
   |
LL |     (|mut arg: S| { arg.mutate() })(s);
   |       +++

warning: 4 warnings emitted

For more information about this error, try `rustc --explain E0596`.
