warning[E0384]: cannot assign to immutable argument `_x`
  --> $DIR/immutable-arg.rs:3:5
   |
LL |     _x = 4;
   |     ^^^^^^ cannot assign to immutable argument
   |
   = note: `#[warn(mut_non_mut)]` on by default
help: consider making this binding mutable
   |
LL | fn foo(mut _x: u32) {
   |        +++

warning: 1 warning emitted

For more information about this error, try `rustc --explain E0384`.
