warning[E0596]: cannot borrow `v` as mutable, as it is not declared as mutable
  --> $DIR/many-mutable-borrows.rs:3:9
   |
LL |     let v = Vec::new();
   |         ^ not mutable
LL |     v.push(0);
   |     - cannot borrow as mutable
LL |     v.push(0);
   |     - cannot borrow as mutable
LL |     v.push(0);
   |     - cannot borrow as mutable
LL |     v.push(0);
   |     - cannot borrow as mutable
LL |     v.push(0);
   |     - cannot borrow as mutable
LL |     v.push(0);
   |     - cannot borrow as mutable
LL |     v.push(0);
   |     - cannot borrow as mutable
LL |     v.push(0);
   |     - cannot borrow as mutable
LL |     v.push(0);
   |     - cannot borrow as mutable
   |
   = note: ...and 5 other attempted mutable borrows
   = note: `#[warn(mut_non_mut)]` on by default
help: consider changing this to be mutable
   |
LL |     let mut v = Vec::new();
   |         +++

warning: 1 warning emitted

For more information about this error, try `rustc --explain E0596`.
