warning[E0596]: cannot borrow `foo` as mutable, as it is not declared as mutable
  --> $DIR/span-covering-argument-1.rs:6:14
   |
LL |             *&mut $s = 0;
   |              ^^^^^^^ cannot borrow as mutable
...
LL |     bad!(foo whatever);
   |     ------------------ in this macro invocation
   |
   = note: `#[warn(mut_non_mut)]` on by default
   = note: this warning originates in the macro `bad` (in Nightly builds, run with -Z macro-backtrace for more info)
help: consider changing this to be mutable
   |
LL |             let mut $s = 0;
   |                 +++

warning: 1 warning emitted

For more information about this error, try `rustc --explain E0596`.
