warning[E0596]: cannot borrow `arg` as mutable, as it is not declared as mutable
  --> $DIR/mut-suggestion.rs:14:5
   |
LL |     arg.mutate();
   |     ^^^ cannot borrow as mutable
   |
   = note: `#[warn(mut_non_mut)]` on by default
help: consider changing this to be mutable
   |
LL | fn func(mut arg: S) {
   |         +++

warning[E0596]: cannot borrow `local` as mutable, as it is not declared as mutable
  --> $DIR/mut-suggestion.rs:22:5
   |
LL |     local.mutate();
   |     ^^^^^ cannot borrow as mutable
   |
help: consider changing this to be mutable
   |
LL |     let mut local = S;
   |         +++

warning: 2 warnings emitted

For more information about this error, try `rustc --explain E0596`.
