warning[E0594]: cannot assign to `nyan.how_hungry`, as `nyan` is not declared as mutable
  --> $DIR/mutable-class-fields.rs:17:3
   |
LL |   nyan.how_hungry = 0;
   |   ^^^^^^^^^^^^^^^^^^^ cannot assign
   |
   = note: `#[warn(mut_non_mut)]` on by default
help: consider changing this to be mutable
   |
LL |   let mut nyan : Cat = cat(52, 99);
   |       +++

warning: 1 warning emitted

For more information about this error, try `rustc --explain E0594`.
