warning[E0596]: cannot borrow `*x` as mutable, as `x` is not declared as mutable
  --> $DIR/issue-36400.rs:6:7
   |
LL |     f(&mut *x);
   |       ^^^^^^^ cannot borrow as mutable
   |
   = note: `#[warn(mut_non_mut)]` on by default
help: consider changing this to be mutable
   |
LL |     let mut x = Box::new(3);
   |         +++

warning: 1 warning emitted

For more information about this error, try `rustc --explain E0596`.
